5
2.5
1.25
Divide 5 by zero
-- Non-regular async functions
cat is quite short
cat is quite short is quite long
-- Regular async lambda
cat is quite short
raven is quite long
-- Raise exception at async function
error message
End
