E0 s
=
OK 1
=
s
E2 b
=
a
E3 b
=
OK 1
=
a
E5 c
=
s
E6 c
==
OK 1
E8 s
E9 a
OK 1
Eb a
Ec s
