[ false, true ]
3.1415926
[ 3.14159, 2.71828 ]
[]
[ 0 ]
[ 0 ]
[ 0, 0 ]
[ 1.19, 3.14159, 2.71828 ]
0
true
[ 0 ]
1
false
[ 2, 0 ]
[ [ 1.19 ], [ 3.14159 ] ]
