h called
f called
g called
f called
===
h called
e called
g called
e called
1
else+
2
if@
---
else*
*
if#
#
