Alche moved 5 meters
Bird Rokh flied 8 meters
Bird Duck moved 3 meters
Cherry
Cat Cherry won't move at all
Cherry: meow 3
Cherry: meow 2
Cherry: meow 1
