Group A
00 true
01 true
02 true
03 true
04 true
Group B
10 false
11 false
12 false
13 false
14 false
End
