5
1
4
shinto shrine
summer:xia
fall:qiu
winter:dong
===
!==
