S true false the quick brown fox
M true true a lazy dog
B false false
