[ 'a', 'b', 'c' ]
[ 'b', 'c' ]
[]
[]
[ 'a', 'b', 'c' ]
[ 'a', 'b', 'c', 'd' ]
[ 'c', 'd', 'e', 'f' ]
[ 'e', 'f' ]
--- 0 ---
[ 'a', 'c', 'e' ]
[ 'b', 'd' ]
[]
[]
[ 'f', 'e' ]
--- 1 ---
[ 'b', 'd', 'f' ]
[ 'a', 'c', 'e' ]
[ 'a', 'c' ]
[ 'b', 'a' ]
[ 'b' ]
[ 'f' ]
[ 'f', 'e' ]
--- 2 ---
[ 'a', 'b', 'c', 'd', 'e', 'f' ]
[ 'a', 'b', 'c', 'd', 'e', 'f' ]
[ 'f', 'e', 'd', 'c', 'b', 'a' ]
