8
2
3.2
2147483648
0
-1
2147483647
3
Binary logic
false
true
true
true
false
false
false
true
