ss
4
3
2
1
sa
14
13
12
11
as
24
23
22
21
aa
34
33
32
31
