3.2000000066028047
3.1937438908441074
3.162277665175675
