soup
souptrue
soupsoup
112soup
3.143.14
abc
    10
abc
    false
ammcammc
The quick brown fox
    jumps over a lazy dog.
