0
1
-1
3.14159
2.71828
true
false
[]
[ 0, 1 ]
[ [ 3.14159 ], [ 2.71828 ] ]
[ false, true ]
