samples/errors/constructor-not-in-class.soup:2
    constructors not allowed outside class definition
