samples/include/error.soup:1
    asynchronous expression not allowed in global scope of an included file
