samples/errors/inv-chars.soup:1
    illegal token: `
samples/errors/inv-chars.soup:2
    illegal token: ?
samples/errors/inv-chars.soup:4
    illegal token: ;
