samples/errors/super-ctor-without-base-class.soup:2
    no super class
