samples/errors/throw-nothing.soup:2
    exception omitted in throw statement
